sing.app.semvery.HelpTest.testPrintHelp=[
semvery 0.3.0
Usage: semvery [options]
  Options:
    --operation, -o
      Operation, value = [isValid, isStable]
    --version, -v
      Display version
    --help, -h
      Display help

Details:
  -o isValid version
  --operation isValid version

    Example:
      -o isValid 1.0.0
      -o isValid ABC

  -o isStable version
  --operation isStable version

    Example:
      -o isStable 1.0.0
      -o isStable 0.1.0

]