sing.app.semvery.SemveryisValidTest.testIsValid_MultiValues[Good]=[
valid
valid
valid

]


sing.app.semvery.SemveryisValidTest.testIsValid_MultiValues[Invalid]=[
invalid
invalid
invalid
invalid
invalid

]


sing.app.semvery.SemveryisValidTest.testIsValid_MultiValues[MixInvalid:1]=[
invalid
valid
valid

]


sing.app.semvery.SemveryisValidTest.testIsValid_MultiValues[MixInvalid:2]=[
valid
invalid
valid

]


sing.app.semvery.SemveryisValidTest.testIsValid_MultiValues[MixInvalid:3]=[
valid
valid
invalid

]


sing.app.semvery.SemveryisValidTest.testIsValid_MultiValues[MixInvalidAndNotStable:7]=[
valid
invalid
valid

]


sing.app.semvery.SemveryisValidTest.testIsValid_MultiValues[MixInvalidAndNotStable:8]=[
invalid
valid
valid

]


sing.app.semvery.SemveryisValidTest.testIsValid_MultiValues[MixInvalidAndNotStable:9]=[
valid
invalid
valid

]


sing.app.semvery.SemveryisValidTest.testIsValid_MultiValues[MixNotStable:4]=[
valid
valid
valid

]


sing.app.semvery.SemveryisValidTest.testIsValid_MultiValues[MixNotStable:5]=[
valid
valid
valid

]


sing.app.semvery.SemveryisValidTest.testIsValid_MultiValues[MixNotStable:6]=[
valid
valid
valid

]


sing.app.semvery.SemveryisValidTest.testIsValid_MultiValues[NotStable]=[
valid
valid
valid
valid

]


sing.app.semvery.SemveryisValidTest.testIsValid_bad=[
invalid

]


sing.app.semvery.SemveryisValidTest.testIsValid_good=[
valid

]


sing.app.semvery.SemveryisValidTest.testIsValid_no_value=[
Must specify a version.

]