sing.app.semvery.SemveryTest.callMainWithArguments=[
semvery 1.0.6
Usage: semvery [options]
  Options:
    --operation, -o
      Options: [isValid, isStable, isGreater, isLower, isEqual, isEquivalent]
    --ref, -r
      Reference Value for isGreater, isLower, isEqual, isEquivalent
    --any
      Return success(status 0) if any of the values meet the operation 
      criteria, instead of all values have to meet.
      Default: false
    --version, -v
      Display version
    --help, -h
      Display help

Details:
  -o isValid version [version...]
  --operation isValid version [version...]

    Example:
      -o isValid 1.0.0
      -o isValid ABC
      -o isValid 1.0.0 2.0.0
      -o isValid 1.0.0 ABC

  -o isStable version [version...]
  --operation isStable version [version...]

    Example:
      -o isStable 1.0.0
      -o isStable 0.1.0
      -o isStable 1.0.0 0.1.0

  -o isGreater -r refVersion version [version...]
  --operation isGreater -r refVersion version [version...]

    Example:
      -o isGreater -r 0.5.0 1.0.0
      -o isGreater -r 0.5.0 0.1.0
      -o isGreater -r 0.5.0 1.0.0 0.1.0

  -o isLower -r refVersion version [version...]
  --operation isLower -r refVersion version [version...]

    Example:
      -o isLower -r 0.5.0 1.0.0
      -o isLower -r 0.5.0 0.1.0
      -o isLower -r 0.5.0 1.0.0 0.1.0

  -o isEqual -r refVersion version [version...]
  --operation isEqual -r refVersion version [version...]

    Example:
      -o isEqual -r 0.5.0 1.0.0
      -o isEqual -r 0.5.0 0.5.0
      -o isEqual -r 0.5.0 1.0.0 0.5.0

  -o isEquivalent -r refVersion version [version...]
  --operation isEquivalent -r refVersion version [version...]

    Example:
      -o isEquivalent -r 0.5.0 1.0.0
      -o isEquivalent -r 0.5.0 0.5.0
      -o isEquivalent -r 0.5.0 1.0.0 0.5.0

]


sing.app.semvery.SemveryTest.callMainWithHelp=[
semvery 1.0.6
Usage: semvery [options]
  Options:
    --operation, -o
      Options: [isValid, isStable, isGreater, isLower, isEqual, isEquivalent]
    --ref, -r
      Reference Value for isGreater, isLower, isEqual, isEquivalent
    --any
      Return success(status 0) if any of the values meet the operation 
      criteria, instead of all values have to meet.
      Default: false
    --version, -v
      Display version
    --help, -h
      Display help

Details:
  -o isValid version [version...]
  --operation isValid version [version...]

    Example:
      -o isValid 1.0.0
      -o isValid ABC
      -o isValid 1.0.0 2.0.0
      -o isValid 1.0.0 ABC

  -o isStable version [version...]
  --operation isStable version [version...]

    Example:
      -o isStable 1.0.0
      -o isStable 0.1.0
      -o isStable 1.0.0 0.1.0

  -o isGreater -r refVersion version [version...]
  --operation isGreater -r refVersion version [version...]

    Example:
      -o isGreater -r 0.5.0 1.0.0
      -o isGreater -r 0.5.0 0.1.0
      -o isGreater -r 0.5.0 1.0.0 0.1.0

  -o isLower -r refVersion version [version...]
  --operation isLower -r refVersion version [version...]

    Example:
      -o isLower -r 0.5.0 1.0.0
      -o isLower -r 0.5.0 0.1.0
      -o isLower -r 0.5.0 1.0.0 0.1.0

  -o isEqual -r refVersion version [version...]
  --operation isEqual -r refVersion version [version...]

    Example:
      -o isEqual -r 0.5.0 1.0.0
      -o isEqual -r 0.5.0 0.5.0
      -o isEqual -r 0.5.0 1.0.0 0.5.0

  -o isEquivalent -r refVersion version [version...]
  --operation isEquivalent -r refVersion version [version...]

    Example:
      -o isEquivalent -r 0.5.0 1.0.0
      -o isEquivalent -r 0.5.0 0.5.0
      -o isEquivalent -r 0.5.0 1.0.0 0.5.0

]


sing.app.semvery.SemveryTest.callMainWithNoArguments=[
semvery 1.0.6
Usage: semvery [options]
  Options:
    --operation, -o
      Options: [isValid, isStable, isGreater, isLower, isEqual, isEquivalent]
    --ref, -r
      Reference Value for isGreater, isLower, isEqual, isEquivalent
    --any
      Return success(status 0) if any of the values meet the operation 
      criteria, instead of all values have to meet.
      Default: false
    --version, -v
      Display version
    --help, -h
      Display help

Details:
  -o isValid version [version...]
  --operation isValid version [version...]

    Example:
      -o isValid 1.0.0
      -o isValid ABC
      -o isValid 1.0.0 2.0.0
      -o isValid 1.0.0 ABC

  -o isStable version [version...]
  --operation isStable version [version...]

    Example:
      -o isStable 1.0.0
      -o isStable 0.1.0
      -o isStable 1.0.0 0.1.0

  -o isGreater -r refVersion version [version...]
  --operation isGreater -r refVersion version [version...]

    Example:
      -o isGreater -r 0.5.0 1.0.0
      -o isGreater -r 0.5.0 0.1.0
      -o isGreater -r 0.5.0 1.0.0 0.1.0

  -o isLower -r refVersion version [version...]
  --operation isLower -r refVersion version [version...]

    Example:
      -o isLower -r 0.5.0 1.0.0
      -o isLower -r 0.5.0 0.1.0
      -o isLower -r 0.5.0 1.0.0 0.1.0

  -o isEqual -r refVersion version [version...]
  --operation isEqual -r refVersion version [version...]

    Example:
      -o isEqual -r 0.5.0 1.0.0
      -o isEqual -r 0.5.0 0.5.0
      -o isEqual -r 0.5.0 1.0.0 0.5.0

  -o isEquivalent -r refVersion version [version...]
  --operation isEquivalent -r refVersion version [version...]

    Example:
      -o isEquivalent -r 0.5.0 1.0.0
      -o isEquivalent -r 0.5.0 0.5.0
      -o isEquivalent -r 0.5.0 1.0.0 0.5.0

]


sing.app.semvery.SemveryTest.callMainWithVersion=[
1.0.6

]