sing.app.semvery.SemveryTest.callMainWithArguments=[
semvery 0.2.0
Usage: semvery [options]
  Options:
    --operation, -o
      Operation, value = [isValid]
    --version, -v
      Display version
    --help, -h
      Display help

Details:
  -o isValid version
  --operation isValid version

    Example:
      -o isValid 1.0.0
      -o isValid ABC

]


sing.app.semvery.SemveryTest.callMainWithHelp=[
semvery 0.2.0
Usage: semvery [options]
  Options:
    --operation, -o
      Operation, value = [isValid]
    --version, -v
      Display version
    --help, -h
      Display help

Details:
  -o isValid version
  --operation isValid version

    Example:
      -o isValid 1.0.0
      -o isValid ABC

]


sing.app.semvery.SemveryTest.callMainWithNoArguments=[
semvery 0.2.0
Usage: semvery [options]
  Options:
    --operation, -o
      Operation, value = [isValid]
    --version, -v
      Display version
    --help, -h
      Display help

Details:
  -o isValid version
  --operation isValid version

    Example:
      -o isValid 1.0.0
      -o isValid ABC

]


sing.app.semvery.SemveryTest.callMainWithVersion=[
0.2.0

]