sing.app.semvery.SemveryisValidTest.testIsValid_MultiValues[Good]=[
Value                Result              
-----                -----               
1.0.0                valid               
3.0.0                valid               
1.0.2                valid               

]


sing.app.semvery.SemveryisValidTest.testIsValid_MultiValues[Invalid]=[
Value                Result              
-----                -----               
1.0.A                invalid             
adfadfasjdfsd        invalid             
23423                invalid             
2423.2342342         invalid             
24234.234234.        invalid             

]


sing.app.semvery.SemveryisValidTest.testIsValid_MultiValues[MixInvalid:1]=[
Value                Result              
-----                -----               
1.0.A                invalid             
1.1.0                valid               
3.0.0                valid               

]


sing.app.semvery.SemveryisValidTest.testIsValid_MultiValues[MixInvalid:2]=[
Value                Result              
-----                -----               
1.0.0                valid               
1.1.A                invalid             
3.0.0                valid               

]


sing.app.semvery.SemveryisValidTest.testIsValid_MultiValues[MixInvalid:3]=[
Value                Result              
-----                -----               
1.0.0                valid               
1.1.0                valid               
3.0.A                invalid             

]


sing.app.semvery.SemveryisValidTest.testIsValid_MultiValues[MixInvalidAndNotStable:7]=[
Value                Result              
-----                -----               
0.1.0                valid               
1.1.A                invalid             
3.0.0                valid               

]


sing.app.semvery.SemveryisValidTest.testIsValid_MultiValues[MixInvalidAndNotStable:8]=[
Value                Result              
-----                -----               
1.1.A                invalid             
0.1.0                valid               
3.0.0                valid               

]


sing.app.semvery.SemveryisValidTest.testIsValid_MultiValues[MixInvalidAndNotStable:9]=[
Value                Result              
-----                -----               
1.1.0                valid               
3.0.A                invalid             
0.1.0                valid               

]


sing.app.semvery.SemveryisValidTest.testIsValid_MultiValues[MixNotStable:4]=[
Value                Result              
-----                -----               
0.1.0                valid               
1.1.0                valid               
3.0.0                valid               

]


sing.app.semvery.SemveryisValidTest.testIsValid_MultiValues[MixNotStable:5]=[
Value                Result              
-----                -----               
1.1.0                valid               
0.1.0                valid               
3.0.0                valid               

]


sing.app.semvery.SemveryisValidTest.testIsValid_MultiValues[MixNotStable:6]=[
Value                Result              
-----                -----               
1.1.0                valid               
3.0.0                valid               
0.1.0                valid               

]


sing.app.semvery.SemveryisValidTest.testIsValid_MultiValues[NotStable]=[
Value                Result              
-----                -----               
0.1.0                valid               
1.2.3-4              valid               
1.2.3-BETA           valid               
33.5454.54353-pre    valid               

]


sing.app.semvery.SemveryisValidTest.testIsValid_bad[1.0.A]=[
Value                Result              
-----                -----               
1.0.A                invalid             

]


sing.app.semvery.SemveryisValidTest.testIsValid_bad[23423]=[
Value                Result              
-----                -----               
23423                invalid             

]


sing.app.semvery.SemveryisValidTest.testIsValid_bad[2423.2342342]=[
Value                Result              
-----                -----               
2423.2342342         invalid             

]


sing.app.semvery.SemveryisValidTest.testIsValid_bad[24234.234234.]=[
Value                Result              
-----                -----               
24234.234234.        invalid             

]


sing.app.semvery.SemveryisValidTest.testIsValid_bad[adfadfasjdfsd]=[
Value                Result              
-----                -----               
adfadfasjdfsd        invalid             

]


sing.app.semvery.SemveryisValidTest.testIsValid_good[1.0.0]=[
Value                Result              
-----                -----               
1.0.0                valid               

]


sing.app.semvery.SemveryisValidTest.testIsValid_good[243434.2342343.23423423]=[
Value                Result              
-----                -----               
243434.2342343.23423423 valid               

]


sing.app.semvery.SemveryisValidTest.testIsValid_good[33.5454.54353-pre]=[
Value                Result              
-----                -----               
33.5454.54353-pre    valid               

]


sing.app.semvery.SemveryisValidTest.testIsValid_no_value=[
Must specify a version.

]