sing.app.semvery.SemveryTest.callMainWithArguments=[
semvery 0.6.0
Usage: semvery [options]
  Options:
    --operation, -o
      Options: [isValid, isStable]
    --any
      Return success(status 0) if any of the values meet the operation 
      criteria, instead of all values have to meet.
      Default: false
    --version, -v
      Display version
    --help, -h
      Display help

Details:
  -o isValid version [version...]
  --operation isValid version [version...]

    Example:
      -o isValid 1.0.0
      -o isValid ABC
      -o isValid 1.0.0 2.0.0
      -o isValid 1.0.0 ABC

  -o isStable version [version...]
  --operation isStable version [version...]

    Example:
      -o isStable 1.0.0
      -o isStable 0.1.0
      -o isStable 1.0.0 0.1.0

]


sing.app.semvery.SemveryTest.callMainWithHelp=[
semvery 0.6.0
Usage: semvery [options]
  Options:
    --operation, -o
      Options: [isValid, isStable]
    --any
      Return success(status 0) if any of the values meet the operation 
      criteria, instead of all values have to meet.
      Default: false
    --version, -v
      Display version
    --help, -h
      Display help

Details:
  -o isValid version [version...]
  --operation isValid version [version...]

    Example:
      -o isValid 1.0.0
      -o isValid ABC
      -o isValid 1.0.0 2.0.0
      -o isValid 1.0.0 ABC

  -o isStable version [version...]
  --operation isStable version [version...]

    Example:
      -o isStable 1.0.0
      -o isStable 0.1.0
      -o isStable 1.0.0 0.1.0

]


sing.app.semvery.SemveryTest.callMainWithNoArguments=[
semvery 0.6.0
Usage: semvery [options]
  Options:
    --operation, -o
      Options: [isValid, isStable]
    --any
      Return success(status 0) if any of the values meet the operation 
      criteria, instead of all values have to meet.
      Default: false
    --version, -v
      Display version
    --help, -h
      Display help

Details:
  -o isValid version [version...]
  --operation isValid version [version...]

    Example:
      -o isValid 1.0.0
      -o isValid ABC
      -o isValid 1.0.0 2.0.0
      -o isValid 1.0.0 ABC

  -o isStable version [version...]
  --operation isStable version [version...]

    Example:
      -o isStable 1.0.0
      -o isStable 0.1.0
      -o isStable 1.0.0 0.1.0

]


sing.app.semvery.SemveryTest.callMainWithVersion=[
0.6.0

]