sing.app.semvery.VersionTest.testPrintApplicationVersion=[
semvery 0.0.1

]


sing.app.semvery.VersionTest.testPrintHelp=[
semvery 0.0.1
Usage: semvery [options]
  Options:
    --version, -v
      Display version
      Default: false
    --help, -h
      Display help
.
.
]


sing.app.semvery.VersionTest.testPrintVersion=[
0.0.1

]